> Task :compileJava UP-TO-DATE
> Task :processResources UP-TO-DATE
> Task :classes UP-TO-DATE
> Task :resolveMainClassName UP-TO-DATE

> Task :bootRun

  .   ____          _            __ _ _
 /\\ / ___'_ __ _ _(_)_ __  __ _ \ \ \ \
( ( )\___ | '_ | '_| | '_ \/ _` | \ \ \ \
 \\/  ___)| |_)| | | | | || (_| |  ) ) ) )
  '  |____| .__|_| |_|_| |_\__, | / / / /
 =========|_|==============|___/=/_/_/_/

 :: Spring Boot ::                (v4.0.3)

2026-05-20T17:43:31.316+09:00  INFO 32812 --- [wemeet] [  restartedMain] com.kopo.wemeet.WemeetApplication        : Starting WemeetApplication using Java 17.0.15 with PID 32812 (C:\Users\8316-31\SpringWorks\wemeet\build\classes\java\main started by 8316-31 in C:\Users\8316-31\SpringWorks\wemeet)
2026-05-20T17:43:31.320+09:00  INFO 32812 --- [wemeet] [  restartedMain] com.kopo.wemeet.WemeetApplication        : The following 1 profile is active: "local"
2026-05-20T17:43:31.370+09:00  INFO 32812 --- [wemeet] [  restartedMain] .e.DevToolsPropertyDefaultsPostProcessor : Devtools property defaults active! Set 'spring.devtools.add-properties' to 'false' to disable
2026-05-20T17:43:31.370+09:00  INFO 32812 --- [wemeet] [  restartedMain] .e.DevToolsPropertyDefaultsPostProcessor : For additional web related logging consider setting the 'logging.level.web' property to 'DEBUG'
2026-05-20T17:43:32.143+09:00  INFO 32812 --- [wemeet] [  restartedMain] .s.d.r.c.RepositoryConfigurationDelegate : Multiple Spring Data modules found, entering strict repository configuration mode
2026-05-20T17:43:32.145+09:00  INFO 32812 --- [wemeet] [  restartedMain] .s.d.r.c.RepositoryConfigurationDelegate : Bootstrapping Spring Data JPA repositories in DEFAULT mode.
2026-05-20T17:43:32.329+09:00  INFO 32812 --- [wemeet] [  restartedMain] .s.d.r.c.RepositoryConfigurationDelegate : Finished Spring Data repository scanning in 171 ms. Found 6 JPA repository interfaces.
2026-05-20T17:43:32.376+09:00  INFO 32812 --- [wemeet] [  restartedMain] .s.d.r.c.RepositoryConfigurationDelegate : Multiple Spring Data modules found, entering strict repository configuration mode
2026-05-20T17:43:32.377+09:00  INFO 32812 --- [wemeet] [  restartedMain] .s.d.r.c.RepositoryConfigurationDelegate : Bootstrapping Spring Data Redis repositories in DEFAULT mode.
2026-05-20T17:43:32.394+09:00  INFO 32812 --- [wemeet] [  restartedMain] .RepositoryConfigurationExtensionSupport : Spring Data Redis - Could not safely identify store assignment for repository candidate interface com.kopo.wemeet.repository.AppUserRepository; If you want this repository to be a Redis repository, consider annotating your entities with one of these annotations: org.springframework.data.redis.core.RedisHash (preferred), or consider extending one of the following types with your repository: org.springframework.data.keyvalue.repository.KeyValueRepository
2026-05-20T17:43:32.395+09:00  INFO 32812 --- [wemeet] [  restartedMain] .RepositoryConfigurationExtensionSupport : Spring Data Redis - Could not safely identify store assignment for repository candidate interface com.kopo.wemeet.repository.FriendRelationRepository; If you want this repository to be a Redis repository, consider annotating your entities with one of these annotations: org.springframework.data.redis.core.RedisHash (preferred), or consider extending one of the following types with your repository: org.springframework.data.keyvalue.repository.KeyValueRepository
2026-05-20T17:43:32.395+09:00  INFO 32812 --- [wemeet] [  restartedMain] .RepositoryConfigurationExtensionSupport : Spring Data Redis - Could not safely identify store assignment for repository candidate interface com.kopo.wemeet.repository.MeetingParticipantRepository; If you want this repository to be a Redis repository, consider annotating your entities with one of these annotations: org.springframework.data.redis.core.RedisHash (preferred), or consider extending one of the following types with your repository: org.springframework.data.keyvalue.repository.KeyValueRepository
2026-05-20T17:43:32.395+09:00  INFO 32812 --- [wemeet] [  restartedMain] .RepositoryConfigurationExtensionSupport : Spring Data Redis - Could not safely identify store assignment for repository candidate interface com.kopo.wemeet.repository.MeetingRepository; If you want this repository to be a Redis repository, consider annotating your entities with one of these annotations: org.springframework.data.redis.core.RedisHash (preferred), or consider extending one of the following types with your repository: org.springframework.data.keyvalue.repository.KeyValueRepository
2026-05-20T17:43:32.396+09:00  INFO 32812 --- [wemeet] [  restartedMain] .RepositoryConfigurationExtensionSupport : Spring Data Redis - Could not safely identify store assignment for repository candidate interface com.kopo.wemeet.repository.PasswordResetTokenRepository; If you want this repository to be a Redis repository, consider annotating your entities with one of these annotations: org.springframework.data.redis.core.RedisHash (preferred), or consider extending one of the following types with your repository: org.springframework.data.keyvalue.repository.KeyValueRepository
2026-05-20T17:43:32.396+09:00  INFO 32812 --- [wemeet] [  restartedMain] .RepositoryConfigurationExtensionSupport : Spring Data Redis - Could not safely identify store assignment for repository candidate interface com.kopo.wemeet.repository.SearchHistoryRepository; If you want this repository to be a Redis repository, consider annotating your entities with one of these annotations: org.springframework.data.redis.core.RedisHash (preferred), or consider extending one of the following types with your repository: org.springframework.data.keyvalue.repository.KeyValueRepository
2026-05-20T17:43:32.396+09:00  INFO 32812 --- [wemeet] [  restartedMain] .s.d.r.c.RepositoryConfigurationDelegate : Finished Spring Data repository scanning in 9 ms. Found 0 Redis repository interfaces.
2026-05-20T17:43:33.019+09:00  INFO 32812 --- [wemeet] [  restartedMain] o.s.boot.tomcat.TomcatWebServer          : Tomcat initialized with port 8082 (http)
2026-05-20T17:43:33.033+09:00  INFO 32812 --- [wemeet] [  restartedMain] o.apache.catalina.core.StandardService   : Starting service [Tomcat]
2026-05-20T17:43:33.033+09:00  INFO 32812 --- [wemeet] [  restartedMain] o.apache.catalina.core.StandardEngine    : Starting Servlet engine: [Apache Tomcat/11.0.18]
2026-05-20T17:43:33.087+09:00  INFO 32812 --- [wemeet] [  restartedMain] b.w.c.s.WebApplicationContextInitializer : Root WebApplicationContext: initialization completed in 1716 ms
2026-05-20T17:43:33.284+09:00  INFO 32812 --- [wemeet] [  restartedMain] org.hibernate.orm.jpa                    : HHH008540: Processing PersistenceUnitInfo [name: default]
2026-05-20T17:43:33.355+09:00  INFO 32812 --- [wemeet] [  restartedMain] org.hibernate.orm.core                   : HHH000001: Hibernate ORM core version 7.2.4.Final
2026-05-20T17:43:33.965+09:00  INFO 32812 --- [wemeet] [  restartedMain] o.s.o.j.p.SpringPersistenceUnitInfo      : No LoadTimeWeaver setup: ignoring JPA class transformer
2026-05-20T17:43:34.004+09:00  INFO 32812 --- [wemeet] [  restartedMain] com.zaxxer.hikari.HikariDataSource       : HikariPool-1 - Starting...
2026-05-20T17:43:34.218+09:00  INFO 32812 --- [wemeet] [  restartedMain] com.zaxxer.hikari.pool.HikariPool        : HikariPool-1 - Added connection conn0: url=jdbc:h2:file:./build/wemeetdb user=SA
2026-05-20T17:43:34.219+09:00  INFO 32812 --- [wemeet] [  restartedMain] com.zaxxer.hikari.HikariDataSource       : HikariPool-1 - Start completed.
2026-05-20T17:43:34.283+09:00  INFO 32812 --- [wemeet] [  restartedMain] org.hibernate.orm.connections.pooling    : HHH10001005: Database info:
	Database JDBC URL [jdbc:h2:file:./build/wemeetdb]
	Database driver: H2 JDBC Driver
	Database dialect: H2Dialect
	Database version: 2.4.240
	Default catalog/schema: wemeetdb/public
	Autocommit mode: undefined/unknown
	Isolation level: READ_COMMITTED [default READ_COMMITTED]
	JDBC fetch size: 100
	Pool: DataSourceConnectionProvider
	Minimum pool size: undefined/unknown
	Maximum pool size: undefined/unknown
2026-05-20T17:43:35.394+09:00  INFO 32812 --- [wemeet] [  restartedMain] org.hibernate.orm.core                   : HHH000489: No JTA platform available (set 'hibernate.transaction.jta.platform' to enable JTA platform integration)
2026-05-20T17:43:35.487+09:00  INFO 32812 --- [wemeet] [  restartedMain] j.LocalContainerEntityManagerFactoryBean : Initialized JPA EntityManagerFactory for persistence unit 'default'
2026-05-20T17:43:35.561+09:00  INFO 32812 --- [wemeet] [  restartedMain] o.s.d.j.r.query.QueryEnhancerFactories   : Hibernate is in classpath; If applicable, HQL parser will be used.
2026-05-20T17:43:37.674+09:00  INFO 32812 --- [wemeet] [  restartedMain] o.s.boot.tomcat.TomcatWebServer          : Tomcat started on port 8082 (http) with context path '/'
2026-05-20T17:43:37.679+09:00  INFO 32812 --- [wemeet] [  restartedMain] com.kopo.wemeet.WemeetApplication        : Started WemeetApplication in 6.775 seconds (process running for 7.301)
2026-05-20T17:43:56.924+09:00  INFO 32812 --- [wemeet] [nio-8082-exec-3] o.a.c.c.C.[Tomcat].[localhost].[/]       : Initializing Spring DispatcherServlet 'dispatcherServlet'
2026-05-20T17:43:56.924+09:00  INFO 32812 --- [wemeet] [nio-8082-exec-3] o.s.web.servlet.DispatcherServlet        : Initializing Servlet 'dispatcherServlet'
2026-05-20T17:43:56.926+09:00  INFO 32812 --- [wemeet] [nio-8082-exec-3] o.s.web.servlet.DispatcherServlet        : Completed initialization in 1 ms
2026-05-20T17:49:15.309+09:00  INFO 32812 --- [wemeet] [   File Watcher] rtingClassPathChangeChangedEventListener : Restarting due to 30 class path changes (0 additions, 0 deletions, 30 modifications)
2026-05-20T17:49:15.314+09:00  INFO 32812 --- [wemeet] [       Thread-1] o.s.boot.tomcat.GracefulShutdown         : Commencing graceful shutdown. Waiting for active requests to complete
2026-05-20T17:49:15.468+09:00  INFO 32812 --- [wemeet] [tomcat-shutdown] o.s.boot.tomcat.GracefulShutdown         : Graceful shutdown complete
2026-05-20T17:49:15.482+09:00  INFO 32812 --- [wemeet] [       Thread-1] j.LocalContainerEntityManagerFactoryBean : Closing JPA EntityManagerFactory for persistence unit 'default'
2026-05-20T17:49:15.486+09:00  INFO 32812 --- [wemeet] [       Thread-1] com.zaxxer.hikari.HikariDataSource       : HikariPool-1 - Shutdown initiated...
2026-05-20T17:49:15.527+09:00  INFO 32812 --- [wemeet] [       Thread-1] com.zaxxer.hikari.HikariDataSource       : HikariPool-1 - Shutdown completed.

  .   ____          _            __ _ _
 /\\ / ___'_ __ _ _(_)_ __  __ _ \ \ \ \
( ( )\___ | '_ | '_| | '_ \/ _` | \ \ \ \
 \\/  ___)| |_)| | | | | || (_| |  ) ) ) )
  '  |____| .__|_| |_|_| |_\__, | / / / /
 =========|_|==============|___/=/_/_/_/

 :: Spring Boot ::                (v4.0.3)

2026-05-20T17:49:15.629+09:00  INFO 32812 --- [wemeet] [  restartedMain] com.kopo.wemeet.WemeetApplication        : Starting WemeetApplication using Java 17.0.15 with PID 32812 (C:\Users\8316-31\SpringWorks\wemeet\build\classes\java\main started by 8316-31 in C:\Users\8316-31\SpringWorks\wemeet)
2026-05-20T17:49:15.629+09:00  INFO 32812 --- [wemeet] [  restartedMain] com.kopo.wemeet.WemeetApplication        : The following 1 profile is active: "local"
2026-05-20T17:49:15.996+09:00  INFO 32812 --- [wemeet] [  restartedMain] .s.d.r.c.RepositoryConfigurationDelegate : Multiple Spring Data modules found, entering strict repository configuration mode
2026-05-20T17:49:15.997+09:00  INFO 32812 --- [wemeet] [  restartedMain] .s.d.r.c.RepositoryConfigurationDelegate : Bootstrapping Spring Data JPA repositories in DEFAULT mode.
2026-05-20T17:49:16.028+09:00  INFO 32812 --- [wemeet] [  restartedMain] .s.d.r.c.RepositoryConfigurationDelegate : Finished Spring Data repository scanning in 30 ms. Found 6 JPA repository interfaces.
2026-05-20T17:49:16.039+09:00  INFO 32812 --- [wemeet] [  restartedMain] .s.d.r.c.RepositoryConfigurationDelegate : Multiple Spring Data modules found, entering strict repository configuration mode
2026-05-20T17:49:16.040+09:00  INFO 32812 --- [wemeet] [  restartedMain] .s.d.r.c.RepositoryConfigurationDelegate : Bootstrapping Spring Data Redis repositories in DEFAULT mode.
2026-05-20T17:49:16.046+09:00  INFO 32812 --- [wemeet] [  restartedMain] .RepositoryConfigurationExtensionSupport : Spring Data Redis - Could not safely identify store assignment for repository candidate interface com.kopo.wemeet.repository.AppUserRepository; If you want this repository to be a Redis repository, consider annotating your entities with one of these annotations: org.springframework.data.redis.core.RedisHash (preferred), or consider extending one of the following types with your repository: org.springframework.data.keyvalue.repository.KeyValueRepository
2026-05-20T17:49:16.046+09:00  INFO 32812 --- [wemeet] [  restartedMain] .RepositoryConfigurationExtensionSupport : Spring Data Redis - Could not safely identify store assignment for repository candidate interface com.kopo.wemeet.repository.FriendRelationRepository; If you want this repository to be a Redis repository, consider annotating your entities with one of these annotations: org.springframework.data.redis.core.RedisHash (preferred), or consider extending one of the following types with your repository: org.springframework.data.keyvalue.repository.KeyValueRepository
2026-05-20T17:49:16.046+09:00  INFO 32812 --- [wemeet] [  restartedMain] .RepositoryConfigurationExtensionSupport : Spring Data Redis - Could not safely identify store assignment for repository candidate interface com.kopo.wemeet.repository.MeetingParticipantRepository; If you want this repository to be a Redis repository, consider annotating your entities with one of these annotations: org.springframework.data.redis.core.RedisHash (preferred), or consider extending one of the following types with your repository: org.springframework.data.keyvalue.repository.KeyValueRepository
2026-05-20T17:49:16.046+09:00  INFO 32812 --- [wemeet] [  restartedMain] .RepositoryConfigurationExtensionSupport : Spring Data Redis - Could not safely identify store assignment for repository candidate interface com.kopo.wemeet.repository.MeetingRepository; If you want this repository to be a Redis repository, consider annotating your entities with one of these annotations: org.springframework.data.redis.core.RedisHash (preferred), or consider extending one of the following types with your repository: org.springframework.data.keyvalue.repository.KeyValueRepository
2026-05-20T17:49:16.046+09:00  INFO 32812 --- [wemeet] [  restartedMain] .RepositoryConfigurationExtensionSupport : Spring Data Redis - Could not safely identify store assignment for repository candidate interface com.kopo.wemeet.repository.PasswordResetTokenRepository; If you want this repository to be a Redis repository, consider annotating your entities with one of these annotations: org.springframework.data.redis.core.RedisHash (preferred), or consider extending one of the following types with your repository: org.springframework.data.keyvalue.repository.KeyValueRepository
2026-05-20T17:49:16.046+09:00  INFO 32812 --- [wemeet] [  restartedMain] .RepositoryConfigurationExtensionSupport : Spring Data Redis - Could not safely identify store assignment for repository candidate interface com.kopo.wemeet.repository.SearchHistoryRepository; If you want this repository to be a Redis repository, consider annotating your entities with one of these annotations: org.springframework.data.redis.core.RedisHash (preferred), or consider extending one of the following types with your repository: org.springframework.data.keyvalue.repository.KeyValueRepository
2026-05-20T17:49:16.046+09:00  INFO 32812 --- [wemeet] [  restartedMain] .s.d.r.c.RepositoryConfigurationDelegate : Finished Spring Data repository scanning in 5 ms. Found 0 Redis repository interfaces.
2026-05-20T17:49:16.143+09:00  INFO 32812 --- [wemeet] [  restartedMain] o.s.boot.tomcat.TomcatWebServer          : Tomcat initialized with port 8082 (http)
2026-05-20T17:49:16.143+09:00  INFO 32812 --- [wemeet] [  restartedMain] o.apache.catalina.core.StandardService   : Starting service [Tomcat]
2026-05-20T17:49:16.143+09:00  INFO 32812 --- [wemeet] [  restartedMain] o.apache.catalina.core.StandardEngine    : Starting Servlet engine: [Apache Tomcat/11.0.18]
2026-05-20T17:49:16.171+09:00  INFO 32812 --- [wemeet] [  restartedMain] b.w.c.s.WebApplicationContextInitializer : Root WebApplicationContext: initialization completed in 539 ms
2026-05-20T17:49:16.215+09:00  INFO 32812 --- [wemeet] [  restartedMain] org.hibernate.orm.jpa                    : HHH008540: Processing PersistenceUnitInfo [name: default]
2026-05-20T17:49:16.269+09:00  INFO 32812 --- [wemeet] [  restartedMain] o.s.o.j.p.SpringPersistenceUnitInfo      : No LoadTimeWeaver setup: ignoring JPA class transformer
2026-05-20T17:49:16.271+09:00  INFO 32812 --- [wemeet] [  restartedMain] com.zaxxer.hikari.HikariDataSource       : HikariPool-2 - Starting...
2026-05-20T17:49:16.289+09:00  INFO 32812 --- [wemeet] [  restartedMain] com.zaxxer.hikari.pool.HikariPool        : HikariPool-2 - Added connection conn10: url=jdbc:h2:file:./build/wemeetdb user=SA
2026-05-20T17:49:16.289+09:00  INFO 32812 --- [wemeet] [  restartedMain] com.zaxxer.hikari.HikariDataSource       : HikariPool-2 - Start completed.
2026-05-20T17:49:16.291+09:00  INFO 32812 --- [wemeet] [  restartedMain] org.hibernate.orm.connections.pooling    : HHH10001005: Database info:
	Database JDBC URL [jdbc:h2:file:./build/wemeetdb]
	Database driver: H2 JDBC Driver
	Database dialect: H2Dialect
	Database version: 2.4.240
	Default catalog/schema: wemeetdb/public
	Autocommit mode: undefined/unknown
	Isolation level: READ_COMMITTED [default READ_COMMITTED]
	JDBC fetch size: 100
	Pool: DataSourceConnectionProvider
	Minimum pool size: undefined/unknown
	Maximum pool size: undefined/unknown
2026-05-20T17:49:16.385+09:00  INFO 32812 --- [wemeet] [  restartedMain] org.hibernate.orm.core                   : HHH000489: No JTA platform available (set 'hibernate.transaction.jta.platform' to enable JTA platform integration)
2026-05-20T17:49:16.398+09:00  INFO 32812 --- [wemeet] [  restartedMain] j.LocalContainerEntityManagerFactoryBean : Initialized JPA EntityManagerFactory for persistence unit 'default'
2026-05-20T17:49:16.791+09:00  INFO 32812 --- [wemeet] [  restartedMain] o.s.boot.tomcat.TomcatWebServer          : Tomcat started on port 8082 (http) with context path '/'
2026-05-20T17:49:16.796+09:00  INFO 32812 --- [wemeet] [  restartedMain] com.kopo.wemeet.WemeetApplication        : Started WemeetApplication in 1.207 seconds (process running for 346.418)
2026-05-20T17:49:17.612+09:00  INFO 32812 --- [wemeet] [  restartedMain] .ConditionEvaluationDeltaLoggingListener : Condition evaluation unchanged
2026-05-20T17:49:41.795+09:00  INFO 32812 --- [wemeet] [nio-8082-exec-5] o.a.c.c.C.[Tomcat].[localhost].[/]       : Initializing Spring DispatcherServlet 'dispatcherServlet'
2026-05-20T17:49:41.795+09:00  INFO 32812 --- [wemeet] [nio-8082-exec-5] o.s.web.servlet.DispatcherServlet        : Initializing Servlet 'dispatcherServlet'
2026-05-20T17:49:41.796+09:00  INFO 32812 --- [wemeet] [nio-8082-exec-5] o.s.web.servlet.DispatcherServlet        : Completed initialization in 1 ms
2026-05-20T17:51:14.593+09:00  INFO 32812 --- [wemeet] [   File Watcher] rtingClassPathChangeChangedEventListener : Restarting due to 1 class path change (0 additions, 1 deletion, 0 modifications)
2026-05-20T17:51:14.594+09:00  INFO 32812 --- [wemeet] [       Thread-7] o.s.boot.tomcat.GracefulShutdown         : Commencing graceful shutdown. Waiting for active requests to complete
2026-05-20T17:51:14.719+09:00  INFO 32812 --- [wemeet] [tomcat-shutdown] o.s.boot.tomcat.GracefulShutdown         : Graceful shutdown complete
2026-05-20T17:51:14.724+09:00  INFO 32812 --- [wemeet] [       Thread-7] j.LocalContainerEntityManagerFactoryBean : Closing JPA EntityManagerFactory for persistence unit 'default'
2026-05-20T17:51:14.725+09:00  INFO 32812 --- [wemeet] [       Thread-7] com.zaxxer.hikari.HikariDataSource       : HikariPool-2 - Shutdown initiated...
2026-05-20T17:51:14.759+09:00  INFO 32812 --- [wemeet] [       Thread-7] com.zaxxer.hikari.HikariDataSource       : HikariPool-2 - Shutdown completed.

  .   ____          _            __ _ _
 /\\ / ___'_ __ _ _(_)_ __  __ _ \ \ \ \
( ( )\___ | '_ | '_| | '_ \/ _` | \ \ \ \
 \\/  ___)| |_)| | | | | || (_| |  ) ) ) )
  '  |____| .__|_| |_|_| |_\__, | / / / /
 =========|_|==============|___/=/_/_/_/

 :: Spring Boot ::                (v4.0.3)

2026-05-20T17:51:14.873+09:00  INFO 32812 --- [wemeet] [  restartedMain] com.kopo.wemeet.WemeetApplication        : Starting WemeetApplication using Java 17.0.15 with PID 32812 (C:\Users\8316-31\SpringWorks\wemeet\build\classes\java\main started by 8316-31 in C:\Users\8316-31\SpringWorks\wemeet)
2026-05-20T17:51:14.873+09:00  INFO 32812 --- [wemeet] [  restartedMain] com.kopo.wemeet.WemeetApplication        : The following 1 profile is active: "local"
2026-05-20T17:51:15.184+09:00  INFO 32812 --- [wemeet] [  restartedMain] .s.d.r.c.RepositoryConfigurationDelegate : Multiple Spring Data modules found, entering strict repository configuration mode
2026-05-20T17:51:15.184+09:00  INFO 32812 --- [wemeet] [  restartedMain] .s.d.r.c.RepositoryConfigurationDelegate : Bootstrapping Spring Data JPA repositories in DEFAULT mode.
2026-05-20T17:51:15.214+09:00  INFO 32812 --- [wemeet] [  restartedMain] .s.d.r.c.RepositoryConfigurationDelegate : Finished Spring Data repository scanning in 29 ms. Found 6 JPA repository interfaces.
2026-05-20T17:51:15.221+09:00  INFO 32812 --- [wemeet] [  restartedMain] .s.d.r.c.RepositoryConfigurationDelegate : Multiple Spring Data modules found, entering strict repository configuration mode
2026-05-20T17:51:15.221+09:00  INFO 32812 --- [wemeet] [  restartedMain] .s.d.r.c.RepositoryConfigurationDelegate : Bootstrapping Spring Data Redis repositories in DEFAULT mode.
2026-05-20T17:51:15.227+09:00  INFO 32812 --- [wemeet] [  restartedMain] .RepositoryConfigurationExtensionSupport : Spring Data Redis - Could not safely identify store assignment for repository candidate interface com.kopo.wemeet.repository.AppUserRepository; If you want this repository to be a Redis repository, consider annotating your entities with one of these annotations: org.springframework.data.redis.core.RedisHash (preferred), or consider extending one of the following types with your repository: org.springframework.data.keyvalue.repository.KeyValueRepository
2026-05-20T17:51:15.228+09:00  INFO 32812 --- [wemeet] [  restartedMain] .RepositoryConfigurationExtensionSupport : Spring Data Redis - Could not safely identify store assignment for repository candidate interface com.kopo.wemeet.repository.FriendRelationRepository; If you want this repository to be a Redis repository, consider annotating your entities with one of these annotations: org.springframework.data.redis.core.RedisHash (preferred), or consider extending one of the following types with your repository: org.springframework.data.keyvalue.repository.KeyValueRepository
2026-05-20T17:51:15.228+09:00  INFO 32812 --- [wemeet] [  restartedMain] .RepositoryConfigurationExtensionSupport : Spring Data Redis - Could not safely identify store assignment for repository candidate interface com.kopo.wemeet.repository.MeetingParticipantRepository; If you want this repository to be a Redis repository, consider annotating your entities with one of these annotations: org.springframework.data.redis.core.RedisHash (preferred), or consider extending one of the following types with your repository: org.springframework.data.keyvalue.repository.KeyValueRepository
2026-05-20T17:51:15.228+09:00  INFO 32812 --- [wemeet] [  restartedMain] .RepositoryConfigurationExtensionSupport : Spring Data Redis - Could not safely identify store assignment for repository candidate interface com.kopo.wemeet.repository.MeetingRepository; If you want this repository to be a Redis repository, consider annotating your entities with one of these annotations: org.springframework.data.redis.core.RedisHash (preferred), or consider extending one of the following types with your repository: org.springframework.data.keyvalue.repository.KeyValueRepository
2026-05-20T17:51:15.228+09:00  INFO 32812 --- [wemeet] [  restartedMain] .RepositoryConfigurationExtensionSupport : Spring Data Redis - Could not safely identify store assignment for repository candidate interface com.kopo.wemeet.repository.PasswordResetTokenRepository; If you want this repository to be a Redis repository, consider annotating your entities with one of these annotations: org.springframework.data.redis.core.RedisHash (preferred), or consider extending one of the following types with your repository: org.springframework.data.keyvalue.repository.KeyValueRepository
2026-05-20T17:51:15.228+09:00  INFO 32812 --- [wemeet] [  restartedMain] .RepositoryConfigurationExtensionSupport : Spring Data Redis - Could not safely identify store assignment for repository candidate interface com.kopo.wemeet.repository.SearchHistoryRepository; If you want this repository to be a Redis repository, consider annotating your entities with one of these annotations: org.springframework.data.redis.core.RedisHash (preferred), or consider extending one of the following types with your repository: org.springframework.data.keyvalue.repository.KeyValueRepository
2026-05-20T17:51:15.228+09:00  INFO 32812 --- [wemeet] [  restartedMain] .s.d.r.c.RepositoryConfigurationDelegate : Finished Spring Data repository scanning in 6 ms. Found 0 Redis repository interfaces.
2026-05-20T17:51:15.316+09:00  INFO 32812 --- [wemeet] [  restartedMain] o.s.boot.tomcat.TomcatWebServer          : Tomcat initialized with port 8082 (http)
2026-05-20T17:51:15.317+09:00  INFO 32812 --- [wemeet] [  restartedMain] o.apache.catalina.core.StandardService   : Starting service [Tomcat]
2026-05-20T17:51:15.317+09:00  INFO 32812 --- [wemeet] [  restartedMain] o.apache.catalina.core.StandardEngine    : Starting Servlet engine: [Apache Tomcat/11.0.18]
2026-05-20T17:51:15.352+09:00  INFO 32812 --- [wemeet] [  restartedMain] b.w.c.s.WebApplicationContextInitializer : Root WebApplicationContext: initialization completed in 476 ms
2026-05-20T17:51:15.404+09:00  INFO 32812 --- [wemeet] [  restartedMain] org.hibernate.orm.jpa                    : HHH008540: Processing PersistenceUnitInfo [name: default]
2026-05-20T17:51:15.463+09:00  INFO 32812 --- [wemeet] [  restartedMain] o.s.o.j.p.SpringPersistenceUnitInfo      : No LoadTimeWeaver setup: ignoring JPA class transformer
2026-05-20T17:51:15.464+09:00  INFO 32812 --- [wemeet] [  restartedMain] com.zaxxer.hikari.HikariDataSource       : HikariPool-3 - Starting...
2026-05-20T17:51:15.484+09:00  INFO 32812 --- [wemeet] [  restartedMain] com.zaxxer.hikari.pool.HikariPool        : HikariPool-3 - Added connection conn20: url=jdbc:h2:file:./build/wemeetdb user=SA
2026-05-20T17:51:15.484+09:00  INFO 32812 --- [wemeet] [  restartedMain] com.zaxxer.hikari.HikariDataSource       : HikariPool-3 - Start completed.
2026-05-20T17:51:15.485+09:00  INFO 32812 --- [wemeet] [  restartedMain] org.hibernate.orm.connections.pooling    : HHH10001005: Database info:
	Database JDBC URL [jdbc:h2:file:./build/wemeetdb]
	Database driver: H2 JDBC Driver
	Database dialect: H2Dialect
	Database version: 2.4.240
	Default catalog/schema: wemeetdb/public
	Autocommit mode: undefined/unknown
	Isolation level: READ_COMMITTED [default READ_COMMITTED]
	JDBC fetch size: 100
	Pool: DataSourceConnectionProvider
	Minimum pool size: undefined/unknown
	Maximum pool size: undefined/unknown
2026-05-20T17:51:15.623+09:00  INFO 32812 --- [wemeet] [  restartedMain] org.hibernate.orm.core                   : HHH000489: No JTA platform available (set 'hibernate.transaction.jta.platform' to enable JTA platform integration)
2026-05-20T17:51:15.629+09:00  INFO 32812 --- [wemeet] [  restartedMain] j.LocalContainerEntityManagerFactoryBean : Initialized JPA EntityManagerFactory for persistence unit 'default'
2026-05-20T17:51:16.055+09:00  INFO 32812 --- [wemeet] [  restartedMain] o.s.boot.tomcat.TomcatWebServer          : Tomcat started on port 8082 (http) with context path '/'
2026-05-20T17:51:16.058+09:00  INFO 32812 --- [wemeet] [  restartedMain] com.kopo.wemeet.WemeetApplication        : Started WemeetApplication in 1.216 seconds (process running for 465.679)
2026-05-20T17:51:16.892+09:00  INFO 32812 --- [wemeet] [  restartedMain] .ConditionEvaluationDeltaLoggingListener : Condition evaluation unchanged
2026-05-20T17:51:17.549+09:00  INFO 32812 --- [wemeet] [   File Watcher] rtingClassPathChangeChangedEventListener : Restarting due to 31 class path changes (1 addition, 0 deletions, 30 modifications)
2026-05-20T17:51:17.550+09:00  INFO 32812 --- [wemeet] [      Thread-11] o.s.boot.tomcat.GracefulShutdown         : Commencing graceful shutdown. Waiting for active requests to complete
2026-05-20T17:51:17.676+09:00  INFO 32812 --- [wemeet] [tomcat-shutdown] o.s.boot.tomcat.GracefulShutdown         : Graceful shutdown complete
2026-05-20T17:51:17.679+09:00  INFO 32812 --- [wemeet] [      Thread-11] j.LocalContainerEntityManagerFactoryBean : Closing JPA EntityManagerFactory for persistence unit 'default'
2026-05-20T17:51:17.681+09:00  INFO 32812 --- [wemeet] [      Thread-11] com.zaxxer.hikari.HikariDataSource       : HikariPool-3 - Shutdown initiated...
2026-05-20T17:51:17.713+09:00  INFO 32812 --- [wemeet] [      Thread-11] com.zaxxer.hikari.HikariDataSource       : HikariPool-3 - Shutdown completed.

  .   ____          _            __ _ _
 /\\ / ___'_ __ _ _(_)_ __  __ _ \ \ \ \
( ( )\___ | '_ | '_| | '_ \/ _` | \ \ \ \
 \\/  ___)| |_)| | | | | || (_| |  ) ) ) )
  '  |____| .__|_| |_|_| |_\__, | / / / /
 =========|_|==============|___/=/_/_/_/

 :: Spring Boot ::                (v4.0.3)

2026-05-20T17:51:17.849+09:00  INFO 32812 --- [wemeet] [  restartedMain] com.kopo.wemeet.WemeetApplication        : Starting WemeetApplication using Java 17.0.15 with PID 32812 (C:\Users\8316-31\SpringWorks\wemeet\build\classes\java\main started by 8316-31 in C:\Users\8316-31\SpringWorks\wemeet)
2026-05-20T17:51:17.849+09:00  INFO 32812 --- [wemeet] [  restartedMain] com.kopo.wemeet.WemeetApplication        : The following 1 profile is active: "local"
2026-05-20T17:51:18.186+09:00  INFO 32812 --- [wemeet] [  restartedMain] .s.d.r.c.RepositoryConfigurationDelegate : Multiple Spring Data modules found, entering strict repository configuration mode
2026-05-20T17:51:18.187+09:00  INFO 32812 --- [wemeet] [  restartedMain] .s.d.r.c.RepositoryConfigurationDelegate : Bootstrapping Spring Data JPA repositories in DEFAULT mode.
2026-05-20T17:51:18.220+09:00  INFO 32812 --- [wemeet] [  restartedMain] .s.d.r.c.RepositoryConfigurationDelegate : Finished Spring Data repository scanning in 31 ms. Found 6 JPA repository interfaces.
2026-05-20T17:51:18.227+09:00  INFO 32812 --- [wemeet] [  restartedMain] .s.d.r.c.RepositoryConfigurationDelegate : Multiple Spring Data modules found, entering strict repository configuration mode
2026-05-20T17:51:18.227+09:00  INFO 32812 --- [wemeet] [  restartedMain] .s.d.r.c.RepositoryConfigurationDelegate : Bootstrapping Spring Data Redis repositories in DEFAULT mode.
2026-05-20T17:51:18.233+09:00  INFO 32812 --- [wemeet] [  restartedMain] .RepositoryConfigurationExtensionSupport : Spring Data Redis - Could not safely identify store assignment for repository candidate interface com.kopo.wemeet.repository.AppUserRepository; If you want this repository to be a Redis repository, consider annotating your entities with one of these annotations: org.springframework.data.redis.core.RedisHash (preferred), or consider extending one of the following types with your repository: org.springframework.data.keyvalue.repository.KeyValueRepository
2026-05-20T17:51:18.234+09:00  INFO 32812 --- [wemeet] [  restartedMain] .RepositoryConfigurationExtensionSupport : Spring Data Redis - Could not safely identify store assignment for repository candidate interface com.kopo.wemeet.repository.FriendRelationRepository; If you want this repository to be a Redis repository, consider annotating your entities with one of these annotations: org.springframework.data.redis.core.RedisHash (preferred), or consider extending one of the following types with your repository: org.springframework.data.keyvalue.repository.KeyValueRepository
2026-05-20T17:51:18.234+09:00  INFO 32812 --- [wemeet] [  restartedMain] .RepositoryConfigurationExtensionSupport : Spring Data Redis - Could not safely identify store assignment for repository candidate interface com.kopo.wemeet.repository.MeetingParticipantRepository; If you want this repository to be a Redis repository, consider annotating your entities with one of these annotations: org.springframework.data.redis.core.RedisHash (preferred), or consider extending one of the following types with your repository: org.springframework.data.keyvalue.repository.KeyValueRepository
2026-05-20T17:51:18.234+09:00  INFO 32812 --- [wemeet] [  restartedMain] .RepositoryConfigurationExtensionSupport : Spring Data Redis - Could not safely identify store assignment for repository candidate interface com.kopo.wemeet.repository.MeetingRepository; If you want this repository to be a Redis repository, consider annotating your entities with one of these annotations: org.springframework.data.redis.core.RedisHash (preferred), or consider extending one of the following types with your repository: org.springframework.data.keyvalue.repository.KeyValueRepository
2026-05-20T17:51:18.234+09:00  INFO 32812 --- [wemeet] [  restartedMain] .RepositoryConfigurationExtensionSupport : Spring Data Redis - Could not safely identify store assignment for repository candidate interface com.kopo.wemeet.repository.PasswordResetTokenRepository; If you want this repository to be a Redis repository, consider annotating your entities with one of these annotations: org.springframework.data.redis.core.RedisHash (preferred), or consider extending one of the following types with your repository: org.springframework.data.keyvalue.repository.KeyValueRepository
2026-05-20T17:51:18.234+09:00  INFO 32812 --- [wemeet] [  restartedMain] .RepositoryConfigurationExtensionSupport : Spring Data Redis - Could not safely identify store assignment for repository candidate interface com.kopo.wemeet.repository.SearchHistoryRepository; If you want this repository to be a Redis repository, consider annotating your entities with one of these annotations: org.springframework.data.redis.core.RedisHash (preferred), or consider extending one of the following types with your repository: org.springframework.data.keyvalue.repository.KeyValueRepository
2026-05-20T17:51:18.234+09:00  INFO 32812 --- [wemeet] [  restartedMain] .s.d.r.c.RepositoryConfigurationDelegate : Finished Spring Data repository scanning in 6 ms. Found 0 Redis repository interfaces.
2026-05-20T17:51:18.326+09:00  INFO 32812 --- [wemeet] [  restartedMain] o.s.boot.tomcat.TomcatWebServer          : Tomcat initialized with port 8082 (http)
2026-05-20T17:51:18.327+09:00  INFO 32812 --- [wemeet] [  restartedMain] o.apache.catalina.core.StandardService   : Starting service [Tomcat]
2026-05-20T17:51:18.327+09:00  INFO 32812 --- [wemeet] [  restartedMain] o.apache.catalina.core.StandardEngine    : Starting Servlet engine: [Apache Tomcat/11.0.18]
2026-05-20T17:51:18.354+09:00  INFO 32812 --- [wemeet] [  restartedMain] b.w.c.s.WebApplicationContextInitializer : Root WebApplicationContext: initialization completed in 504 ms
2026-05-20T17:51:18.398+09:00  INFO 32812 --- [wemeet] [  restartedMain] org.hibernate.orm.jpa                    : HHH008540: Processing PersistenceUnitInfo [name: default]
2026-05-20T17:51:18.445+09:00  INFO 32812 --- [wemeet] [  restartedMain] o.s.o.j.p.SpringPersistenceUnitInfo      : No LoadTimeWeaver setup: ignoring JPA class transformer
2026-05-20T17:51:18.447+09:00  INFO 32812 --- [wemeet] [  restartedMain] com.zaxxer.hikari.HikariDataSource       : HikariPool-4 - Starting...
2026-05-20T17:51:18.462+09:00  INFO 32812 --- [wemeet] [  restartedMain] com.zaxxer.hikari.pool.HikariPool        : HikariPool-4 - Added connection conn30: url=jdbc:h2:file:./build/wemeetdb user=SA
2026-05-20T17:51:18.462+09:00  INFO 32812 --- [wemeet] [  restartedMain] com.zaxxer.hikari.HikariDataSource       : HikariPool-4 - Start completed.
2026-05-20T17:51:18.463+09:00  INFO 32812 --- [wemeet] [  restartedMain] org.hibernate.orm.connections.pooling    : HHH10001005: Database info:
	Database JDBC URL [jdbc:h2:file:./build/wemeetdb]
	Database driver: H2 JDBC Driver
	Database dialect: H2Dialect
	Database version: 2.4.240
	Default catalog/schema: wemeetdb/public
	Autocommit mode: undefined/unknown
	Isolation level: READ_COMMITTED [default READ_COMMITTED]
	JDBC fetch size: 100
	Pool: DataSourceConnectionProvider
	Minimum pool size: undefined/unknown
	Maximum pool size: undefined/unknown
2026-05-20T17:51:18.555+09:00  INFO 32812 --- [wemeet] [  restartedMain] org.hibernate.orm.core                   : HHH000489: No JTA platform available (set 'hibernate.transaction.jta.platform' to enable JTA platform integration)
2026-05-20T17:51:18.560+09:00  INFO 32812 --- [wemeet] [  restartedMain] j.LocalContainerEntityManagerFactoryBean : Initialized JPA EntityManagerFactory for persistence unit 'default'
2026-05-20T17:51:18.928+09:00  INFO 32812 --- [wemeet] [  restartedMain] o.s.boot.tomcat.TomcatWebServer          : Tomcat started on port 8082 (http) with context path '/'
2026-05-20T17:51:18.930+09:00  INFO 32812 --- [wemeet] [  restartedMain] com.kopo.wemeet.WemeetApplication        : Started WemeetApplication in 1.111 seconds (process running for 468.551)
2026-05-20T17:51:19.710+09:00  INFO 32812 --- [wemeet] [  restartedMain] .ConditionEvaluationDeltaLoggingListener : Condition evaluation unchanged
2026-05-20T17:51:27.617+09:00  INFO 32812 --- [wemeet] [nio-8082-exec-1] o.a.c.c.C.[Tomcat].[localhost].[/]       : Initializing Spring DispatcherServlet 'dispatcherServlet'
2026-05-20T17:51:27.617+09:00  INFO 32812 --- [wemeet] [nio-8082-exec-1] o.s.web.servlet.DispatcherServlet        : Initializing Servlet 'dispatcherServlet'
2026-05-20T17:51:27.618+09:00  INFO 32812 --- [wemeet] [nio-8082-exec-1] o.s.web.servlet.DispatcherServlet        : Completed initialization in 1 ms
2026-05-20T17:52:40.576+09:00  WARN 32812 --- [wemeet] [nio-8082-exec-4] .m.m.a.ExceptionHandlerExceptionResolver : Resolved [org.springframework.web.server.ResponseStatusException: 401 UNAUTHORIZED "Invalid credentials"]
2026-05-20T17:52:44.772+09:00  WARN 32812 --- [wemeet] [nio-8082-exec-8] .m.m.a.ExceptionHandlerExceptionResolver : Resolved [org.springframework.web.server.ResponseStatusException: 401 UNAUTHORIZED "Invalid credentials"]
2026-05-20T17:52:48.308+09:00  WARN 32812 --- [wemeet] [nio-8082-exec-2] .m.m.a.ExceptionHandlerExceptionResolver : Resolved [org.springframework.web.server.ResponseStatusException: 401 UNAUTHORIZED "Invalid credentials"]
2026-05-20T17:52:50.276+09:00  WARN 32812 --- [wemeet] [nio-8082-exec-5] .m.m.a.ExceptionHandlerExceptionResolver : Resolved [org.springframework.web.server.ResponseStatusException: 401 UNAUTHORIZED "Invalid credentials"]
